// Jest Snapshot v1, https://goo.gl/fbAQLP

exports[`<Alert /> should render 1`] = `
.c1 {
  box-sizing: border-box;
  min-width: 0;
  color: #374151;
  margin: 0;
  font-size: 16px;
  font-family: -apple-system,BlinkMacSystemFont,"Segoe UI",Roboto,"Helvetica Neue",Arial,"Noto Sans",sans-serif,"Apple Color Emoji","Segoe UI Emoji","Segoe UI Symbol","Noto Color Emoji";
  line-height: normal;
}

.c0 {
  box-sizing: border-box;
  min-width: 0;
  color: #374151;
  background-color: #e5e7eb;
  line-height: 1;
  font-family: -apple-system,BlinkMacSystemFont,"Segoe UI",Roboto,"Helvetica Neue",Arial,"Noto Sans",sans-serif,"Apple Color Emoji","Segoe UI Emoji","Segoe UI Symbol","Noto Color Emoji";
  display: -webkit-box;
  display: -webkit-flex;
  display: -ms-flexbox;
  display: flex;
  background-color: #e5e7eb;
  line-height: 1;
  font-family: -apple-system,BlinkMacSystemFont,"Segoe UI",Roboto,"Helvetica Neue",Arial,"Noto Sans",sans-serif,"Apple Color Emoji","Segoe UI Emoji","Segoe UI Symbol","Noto Color Emoji";
  padding: 16px;
  border-radius: 5px;
  -webkit-align-items: center;
  -webkit-box-align: center;
  -ms-flex-align: center;
  align-items: center;
  background-color: #e5e7eb;
  line-height: 1;
  font-family: -apple-system,BlinkMacSystemFont,"Segoe UI",Roboto,"Helvetica Neue",Arial,"Noto Sans",sans-serif,"Apple Color Emoji","Segoe UI Emoji","Segoe UI Symbol","Noto Color Emoji";
}

.c2 {
  font-weight: bold;
  margin-right: 5px;
}

<div>
  <div
    aria-label="Test"
    aria-live="polite"
    class="sc-AxiKw c0"
    role="alert"
  >
    <p
      class="c1 c2"
    >
      Test
    </p>
  </div>
</div>
`;
