// Jest Snapshot v1, https://goo.gl/fbAQLP

exports[`<GlobalStyles /> should render 1`] = `
<div>
  <button
    class="sc-citwmv"
  >
    Test
  </button>
</div>
`;
