// Jest Snapshot v1, https://goo.gl/fbAQLP

exports[`<Text /> should render 1`] = `
.c0 {
  box-sizing: border-box;
  min-width: 0;
  margin: 0;
  font-weight: bold;
  font-family: inherit;
  font-size: 1.5rem;
}

<div>
  <h2
    class="c0"
  >
    Test
  </h2>
</div>
`;
