// Jest Snapshot v1, https://goo.gl/fbAQLP

exports[`<InputField> should render 1`] = `
.c1 {
  box-sizing: border-box;
  min-width: 0;
  color: #374151;
  padding-bottom: 0.5rem;
}

.c2 {
  box-sizing: border-box;
  min-width: 0;
  color: #374151;
  -webkit-appearance: none;
  -moz-appearance: none;
  appearance: none;
  font-size: 16px;
  border-style: solid;
  border-color: #d2d6dc;
  padding-top: 8px;
  padding-bottom: 8px;
  padding-left: 12px;
  padding-right: 32px;
  border-width: 1px;
  border-radius: 4px;
  -webkit-transition: all 250ms ease 0s;
  transition: all 250ms ease 0s;
  outline: none;
  width: 100%;
}

.c2:focus {
  border-color: #a4cafe;
  box-shadow: 0 0 0 3px rgba(164,202,254,.45);
}

.c2:disabled,
.c2:disabled:focus,
.c2:disabled:hover,
.c2[aria-disabled=true],
.c2[aria-disabled=true]:focus,
.c2[aria-disabled=true]:hover {
  background-color: #EAEAEA;
  color: #8F8F8F;
  cursor: not-allowed;
}

.c0 {
  display: block;
  position: relative;
  margin-bottom: 8px;
  line-height: 1.5;
}

<div>
  <div
    class=""
    role="group"
  >
    <label
      class="c0"
      data-testid="label"
    >
      <div
        class="c1"
      >
        Placeholder
         
      </div>
      <input
        class="c2"
        id="example-input"
        placeholder="Basic Input"
        value=""
      />
    </label>
  </div>
</div>
`;
