// Jest Snapshot v1, https://goo.gl/fbAQLP

exports[`<Link /> should render 1`] = `
.c0 {
  box-sizing: border-box;
  min-width: 0;
  color: #374151;
  font-size: 16px;
}

<div>
  <a
    class="sc-AxjAm sc-AxhUy c0"
  >
    Test
  </a>
</div>
`;
