// Jest Snapshot v1, https://goo.gl/fbAQLP

exports[`<Skeleton /> should render 1`] = `
.c0 {
  box-sizing: border-box;
  min-width: 0;
  color: #374151;
  width: 100%;
  height: 100%;
  display: -webkit-box;
  display: -webkit-flex;
  display: -ms-flexbox;
  display: flex;
  width: 100%;
  height: 100%;
  -webkit-flex-direction: column;
  -ms-flex-direction: column;
  flex-direction: column;
  width: 100%;
  height: 100%;
}

.c0 > * + * {
  margin-top: 10px;
}

.c1 {
  box-sizing: border-box;
  min-width: 0;
  color: #374151;
  height: 2rem;
  width: 100%;
  border-radius: 5px;
  display: inline-block;
  background: linear-gradient(-90deg,#f0f0f0 0%,#f8f8f8 50%,#f0f0f0 100%);
  background-size: 400% 400%;
  -webkit-animation: 1.2s ease-in-out infinite alternate kYdCAA;
  animation: 1.2s ease-in-out infinite alternate kYdCAA;
}

<div>
  <div
    class="sc-AxjAm sc-AxiKw c0"
  >
    <div
      class="sc-AxjAm c1"
      data-testid="skeleton"
    />
  </div>
</div>
`;
