// Jest Snapshot v1, https://goo.gl/fbAQLP

exports[`<Tag /> should render 1`] = `
.c0 {
  box-sizing: border-box;
  min-width: 0;
  background-color: #EDF2F7;
}

<div>
  <div
    class="c0"
  >
    Test
  </div>
</div>
`;
