// Jest Snapshot v1, https://goo.gl/fbAQLP

exports[`<Text /> should render 1`] = `
.c0 {
  box-sizing: border-box;
  min-width: 0;
  margin: 0;
  font-size: 16px;
  font-family: -apple-system,BlinkMacSystemFont,"Segoe UI",Roboto,"Helvetica Neue",Arial,"Noto Sans",sans-serif,"Apple Color Emoji","Segoe UI Emoji","Segoe UI Symbol","Noto Color Emoji";
}

<div>
  <p
    class="c0"
  >
    Test
  </p>
</div>
`;
